******************************************************************************
             TMS320C2000 Linker PC v6.4.2                      
******************************************************************************
>> Linked Thu Oct 14 21:13:26 2021

OUTPUT FILE NAME:   <Derating_Power.out>
ENTRY POINT SYMBOL: "_c_int00"  address: 003f9183


MEMORY CONFIGURATION

         name            origin    length      used     unused   attr    fill
----------------------  --------  ---------  --------  --------  ----  --------
PAGE 0:
  BEGIN                 003f8000   00000002  00000002  00000000  RWIX
  PRAMH0                003f8002   00001ffe  0000143b  00000bc3  RWIX
  RESET                 003fffc0   00000002  00000000  00000002  RWIX

PAGE 1:
  RAMM0                 00000000   00000400  00000298  00000168  RWIX
  RAMM1                 00000400   00000400  00000400  00000000  RWIX
  DEV_EMU               00000880   00000180  000000d0  000000b0  RWIX
  FLASH_REGS            00000a80   00000060  00000008  00000058  RWIX
  CSM                   00000ae0   00000010  00000010  00000000  RWIX
  XINTF                 00000b20   00000020  00000020  00000000  RWIX
  CPU_TIMER0            00000c00   00000008  00000008  00000000  RWIX
  CPU_TIMER1            00000c08   00000008  00000008  00000000  RWIX
  CPU_TIMER2            00000c10   00000008  00000008  00000000  RWIX
  PIE_CTRL              00000ce0   00000020  0000001a  00000006  RWIX
  PIE_VECT              00000d00   00000100  00000100  00000000  RWIX
  ECANA                 00006000   00000040  00000034  0000000c  RWIX
  ECANA_LAM             00006040   00000040  00000040  00000000  RWIX
  ECANA_MOTS            00006080   00000040  00000040  00000000  RWIX
  ECANA_MOTO            000060c0   00000040  00000040  00000000  RWIX
  ECANA_MBOX            00006100   00000100  00000100  00000000  RWIX
  SYSTEM                00007010   00000020  00000020  00000000  RWIX
  SPIA                  00007040   00000010  00000010  00000000  RWIX
  SCIA                  00007050   00000010  00000010  00000000  RWIX
  XINTRUPT              00007070   00000010  00000010  00000000  RWIX
  GPIOMUX               000070c0   00000020  00000020  00000000  RWIX
  GPIODAT               000070e0   00000020  00000020  00000000  RWIX
  ADC                   00007100   00000020  0000001a  00000006  RWIX
  EVA                   00007400   00000040  00000032  0000000e  RWIX
  EVB                   00007500   00000040  00000032  0000000e  RWIX
  SCIB                  00007750   00000010  00000010  00000000  RWIX
  MCBSPA                00007800   00000040  00000025  0000001b  RWIX
  CSM_PWL               003f7ff8   00000008  00000008  00000000  RWIX


SECTION ALLOCATION MAP

 output                                  attributes/
section   page    origin      length       input sections
--------  ----  ----------  ----------   ----------------
codestart 
*          0    003f8000    00000002     
                  003f8000    00000002     DSP281x_CodeStartBranch.obj (codestart)

.text      0    003f8002    00001375     
                  003f8002    00000681     Matching.obj (.text)
                  003f8683    000002d3     main.obj (.text)
                  003f8956    000002b7     FFT.obj (.text)
                  003f8c0d    0000018f     DSP281x_DefaultIsr.obj (.text:retain)
                  003f8d9c    000000a1     rts2800_ml.lib : atan.obj (.text)
                  003f8e3d    00000091                    : cos.obj (.text)
                  003f8ece    00000088                    : sin.obj (.text)
                  003f8f56    00000087     DSP281x_SysCtrl.obj (.text)
                  003f8fdd    00000083     rts2800_ml.lib : fs_div.obj (.text)
                  003f9060    00000078                    : fs_add.obj (.text)
                  003f90d8    0000005a                    : fs_mpy.obj (.text)
                  003f9132    00000051                    : sqrt.obj (.text)
                  003f9183    00000044                    : boot.obj (.text)
                  003f91c7    00000041                    : ldexp.obj (.text)
                  003f9208    00000029                    : fs_tol.obj (.text)
                  003f9231    00000028     DSP281x_PieCtrl.obj (.text)
                  003f9259    00000025     rts2800_ml.lib : fs_toi.obj (.text)
                  003f927e    00000022     DSP281x_PieVect.obj (.text)
                  003f92a0    0000001d     rts2800_ml.lib : fs_tou.obj (.text)
                  003f92bd    0000001a                    : i_tofs.obj (.text)
                  003f92d7    0000001a                    : l_tofs.obj (.text)
                  003f92f1    00000019                    : args_main.obj (.text)
                  003f930a    00000019                    : exit.obj (.text)
                  003f9323    00000017     DSP281x_Gpio.obj (.text)
                  003f933a    00000017     rts2800_ml.lib : fs_cmp.obj (.text)
                  003f9351    00000010                    : u_tofs.obj (.text)
                  003f9361    00000009                    : _lock.obj (.text)
                  003f936a    00000008     DSP281x_CodeStartBranch.obj (.text)
                  003f9372    00000005     rts2800_ml.lib : fs_neg.obj (.text)

.cinit     0    003f9377    00000044     
                  003f9377    00000026     main.obj (.cinit)
                  003f939d    0000000a     rts2800_ml.lib : exit.obj (.cinit)
                  003f93a7    00000005                    : _lock.obj (.cinit:__lock)
                  003f93ac    00000005                    : _lock.obj (.cinit:__unlock)
                  003f93b1    00000004     DSP281x_DefaultIsr.obj (.cinit)
                  003f93b5    00000004     rts2800_ml.lib : errno.obj (.cinit)
                  003f93b9    00000002     --HOLE-- [fill = 0]

ramfuncs   0    003f93bb    00000004     
                  003f93bb    00000004     DSP281x_usDelay.obj (ramfuncs)

csm_rsvd   0    003f93bf    00000076     
                  003f93bf    00000076     DSP281x_CSMPasswords.obj (csm_rsvd)

csmpasswds 
*          0    003f9435    00000008     
                  003f9435    00000008     DSP281x_CSMPasswords.obj (csmpasswds)

.econst    1    00000000    00000172     
                  00000000    00000100     DSP281x_PieVect.obj (.econst)
                  00000100    00000020     Matching.obj (.econst)
                  00000120    00000014     FFT.obj (.econst)
                  00000134    00000010     Matching.obj (.econst:_Cd_Z)
                  00000144    00000010     main.obj (.econst)
                  00000154    00000008     Matching.obj (.econst:_Li_Z)
                  0000015c    00000008     Matching.obj (.econst:_Lii_Z)
                  00000164    00000008     rts2800_ml.lib : atan.obj (.econst:_a$1)
                  0000016c    00000006     Matching.obj (.econst:_$P$T0$1)

.ebss      1    00000172    00000126     UNINITIALIZED
                  00000172    00000004     rts2800_ml.lib : exit.obj (.ebss)
                  00000176    00000002                    : _lock.obj (.ebss:__lock)
                  00000178    00000002                    : _lock.obj (.ebss:__unlock)
                  0000017a    00000001     DSP281x_DefaultIsr.obj (.ebss)
                  0000017b    00000001     rts2800_ml.lib : errno.obj (.ebss)
                  0000017c    00000004     --HOLE--
                  00000180    00000100     main.obj (.ebss)
                  00000280    00000018     DSP281x_CpuTimers.obj (.ebss)

.stack     1    00000400    00000400     UNINITIALIZED
                  00000400    00000400     --HOLE--

DevEmuRegsFile 
*          1    00000880    000000d0     UNINITIALIZED
                  00000880    000000d0     DSP281x_GlobalVariableDefs.obj (DevEmuRegsFile)

FlashRegsFile 
*          1    00000a80    00000008     UNINITIALIZED
                  00000a80    00000008     DSP281x_GlobalVariableDefs.obj (FlashRegsFile)

CsmRegsFile 
*          1    00000ae0    00000010     UNINITIALIZED
                  00000ae0    00000010     DSP281x_GlobalVariableDefs.obj (CsmRegsFile)

XintfRegsFile 
*          1    00000b20    00000020     UNINITIALIZED
                  00000b20    00000020     DSP281x_GlobalVariableDefs.obj (XintfRegsFile)

CpuTimer0RegsFile 
*          1    00000c00    00000008     UNINITIALIZED
                  00000c00    00000008     DSP281x_GlobalVariableDefs.obj (CpuTimer0RegsFile)

CpuTimer1RegsFile 
*          1    00000c08    00000008     UNINITIALIZED
                  00000c08    00000008     DSP281x_GlobalVariableDefs.obj (CpuTimer1RegsFile)

CpuTimer2RegsFile 
*          1    00000c10    00000008     UNINITIALIZED
                  00000c10    00000008     DSP281x_GlobalVariableDefs.obj (CpuTimer2RegsFile)

PieCtrlRegsFile 
*          1    00000ce0    0000001a     UNINITIALIZED
                  00000ce0    0000001a     DSP281x_GlobalVariableDefs.obj (PieCtrlRegsFile)

PieVectTableFile 
*          1    00000d00    00000100     UNINITIALIZED
                  00000d00    00000100     DSP281x_GlobalVariableDefs.obj (PieVectTableFile)

ECanaRegsFile 
*          1    00006000    00000034     UNINITIALIZED
                  00006000    00000034     DSP281x_GlobalVariableDefs.obj (ECanaRegsFile)

ECanaLAMRegsFile 
*          1    00006040    00000040     UNINITIALIZED
                  00006040    00000040     DSP281x_GlobalVariableDefs.obj (ECanaLAMRegsFile)

ECanaMOTSRegsFile 
*          1    00006080    00000040     UNINITIALIZED
                  00006080    00000040     DSP281x_GlobalVariableDefs.obj (ECanaMOTSRegsFile)

ECanaMOTORegsFile 
*          1    000060c0    00000040     UNINITIALIZED
                  000060c0    00000040     DSP281x_GlobalVariableDefs.obj (ECanaMOTORegsFile)

ECanaMboxesFile 
*          1    00006100    00000100     UNINITIALIZED
                  00006100    00000100     DSP281x_GlobalVariableDefs.obj (ECanaMboxesFile)

SysCtrlRegsFile 
*          1    00007010    00000020     UNINITIALIZED
                  00007010    00000020     DSP281x_GlobalVariableDefs.obj (SysCtrlRegsFile)

SpiaRegsFile 
*          1    00007040    00000010     UNINITIALIZED
                  00007040    00000010     DSP281x_GlobalVariableDefs.obj (SpiaRegsFile)

SciaRegsFile 
*          1    00007050    00000010     UNINITIALIZED
                  00007050    00000010     DSP281x_GlobalVariableDefs.obj (SciaRegsFile)

XIntruptRegsFile 
*          1    00007070    00000010     UNINITIALIZED
                  00007070    00000010     DSP281x_GlobalVariableDefs.obj (XIntruptRegsFile)

GpioMuxRegsFile 
*          1    000070c0    00000020     UNINITIALIZED
                  000070c0    00000020     DSP281x_GlobalVariableDefs.obj (GpioMuxRegsFile)

GpioDataRegsFile 
*          1    000070e0    00000020     UNINITIALIZED
                  000070e0    00000020     DSP281x_GlobalVariableDefs.obj (GpioDataRegsFile)

AdcRegsFile 
*          1    00007100    0000001a     UNINITIALIZED
                  00007100    0000001a     DSP281x_GlobalVariableDefs.obj (AdcRegsFile)

EvaRegsFile 
*          1    00007400    00000032     UNINITIALIZED
                  00007400    00000032     DSP281x_GlobalVariableDefs.obj (EvaRegsFile)

EvbRegsFile 
*          1    00007500    00000032     UNINITIALIZED
                  00007500    00000032     DSP281x_GlobalVariableDefs.obj (EvbRegsFile)

ScibRegsFile 
*          1    00007750    00000010     UNINITIALIZED
                  00007750    00000010     DSP281x_GlobalVariableDefs.obj (ScibRegsFile)

McbspaRegsFile 
*          1    00007800    00000025     UNINITIALIZED
                  00007800    00000025     DSP281x_GlobalVariableDefs.obj (McbspaRegsFile)

CsmPwlFile 
*          1    003f7ff8    00000008     UNINITIALIZED
                  003f7ff8    00000008     DSP281x_GlobalVariableDefs.obj (CsmPwlFile)

.pinit     0    003f8002    00000000     UNINITIALIZED

.reset     0    003fffc0    00000002     DSECT
                  003fffc0    00000002     rts2800_ml.lib : boot.obj (.reset)


GLOBAL DATA SYMBOLS: SORTED BY DATA PAGE

address     data page           name
--------    ----------------    ----
00000000       0 (00000000)     _PieVectTableInit

00000134       4 (00000100)     _Cd_Z

00000154       5 (00000140)     _Li_Z
0000015c       5 (00000140)     _Lii_Z
00000172       5 (00000140)     ___TI_cleanup_ptr
00000174       5 (00000140)     ___TI_dtors_ptr
00000176       5 (00000140)     __lock
00000178       5 (00000140)     __unlock
0000017b       5 (00000140)     _errno

00000180       6 (00000180)     _ADC_flag
00000181       6 (00000180)     _Matching_Word
00000184       6 (00000180)     _CapValue
00000188       6 (00000180)     _S
0000019a       6 (00000180)     _Data_int0

000001c0       7 (000001c0)     _Data_int1

00000200       8 (00000200)     _Data

00000280       a (00000280)     _CpuTimer1
00000288       a (00000280)     _CpuTimer2
00000290       a (00000280)     _CpuTimer0

00000400      10 (00000400)     __stack

00000880      22 (00000880)     _DevEmuRegs

00000a80      2a (00000a80)     _FlashRegs

00000ae0      2b (00000ac0)     _CsmRegs

00000b20      2c (00000b00)     _XintfRegs

00000c00      30 (00000c00)     _CpuTimer0Regs
00000c08      30 (00000c00)     _CpuTimer1Regs
00000c10      30 (00000c00)     _CpuTimer2Regs

00000ce0      33 (00000cc0)     _PieCtrlRegs

00000d00      34 (00000d00)     _PieVectTable

00006000     180 (00006000)     _ECanaRegs

00006040     181 (00006040)     _ECanaLAMRegs

00006080     182 (00006080)     _ECanaMOTSRegs

000060c0     183 (000060c0)     _ECanaMOTORegs

00006100     184 (00006100)     _ECanaMboxes

00007010     1c0 (00007000)     _SysCtrlRegs

00007040     1c1 (00007040)     _SpiaRegs
00007050     1c1 (00007040)     _SciaRegs
00007070     1c1 (00007040)     _XIntruptRegs

000070c0     1c3 (000070c0)     _GpioMuxRegs
000070e0     1c3 (000070c0)     _GpioDataRegs

00007100     1c4 (00007100)     _AdcRegs

00007400     1d0 (00007400)     _EvaRegs

00007500     1d4 (00007500)     _EvbRegs

00007750     1dd (00007740)     _ScibRegs

00007800     1e0 (00007800)     _McbspaRegs

003f7ff8    fdff (003f7fc0)     _CsmPwl


GLOBAL SYMBOLS: SORTED ALPHABETICALLY BY Name 

page  address   name                 
----  -------   ----                 
0     003f8002  .text                
0     003f930a  C$$EXIT              
0     003f9065  FS$$ADD              
0     003f933a  FS$$CMP              
0     003f8fdd  FS$$DIV              
0     003f90d8  FS$$MPY              
0     003f9372  FS$$NEG              
0     003f9060  FS$$SUB              
0     003f9259  FS$$TOI              
0     003f9208  FS$$TOL              
0     003f92a0  FS$$TOU              
0     003f92bd  I$$TOFS              
0     003f92d7  L$$TOFS              
0     003f9351  U$$TOFS              
0     003f8c80  _ADCINT_ISR          
1     00000180  _ADC_flag            
1     00007100  _AdcRegs             
0     003f8d06  _CAPINT1_ISR         
0     003f8d0b  _CAPINT2_ISR         
0     003f8d10  _CAPINT3_ISR         
0     003f8d4c  _CAPINT4_ISR         
0     003f8d51  _CAPINT5_ISR         
0     003f8d56  _CAPINT6_ISR         
0     003f8cc6  _CMP1INT_ISR         
0     003f8ccb  _CMP2INT_ISR         
0     003f8cd0  _CMP3INT_ISR         
0     003f8d15  _CMP4INT_ISR         
0     003f8d1a  _CMP5INT_ISR         
0     003f8d1f  _CMP6INT_ISR         
0     003f8956  _C_add               
0     003f89e1  _C_mod               
0     003f89a4  _C_mul               
0     003f897d  _C_sub               
1     00000184  _CapValue            
1     00000134  _Cd_Z                
1     00000290  _CpuTimer0           
1     00000c00  _CpuTimer0Regs       
1     00000280  _CpuTimer1           
1     00000c08  _CpuTimer1Regs       
1     00000288  _CpuTimer2           
1     00000c10  _CpuTimer2Regs       
1     003f7ff8  _CsmPwl              
1     00000ae0  _CsmRegs             
0     003f8fac  _CsmUnlock           
0     003f873d  _Cul_Z               
0     003f8c17  _DATALOG_ISR         
0     003f93bb  _DSP28x_usDelay      
1     00000200  _Data                
1     0000019a  _Data_int0           
1     000001c0  _Data_int1           
0     003f8085  _Deltamini           
1     00000880  _DevEmuRegs          
0     003f8f68  _DisableDog          
0     003f8d83  _ECAN0INTA_ISR       
0     003f8d88  _ECAN1INTA_ISR       
1     00006040  _ECanaLAMRegs        
1     000060c0  _ECanaMOTORegs       
1     00006080  _ECanaMOTSRegs       
1     00006100  _ECanaMboxes         
1     00006000  _ECanaRegs           
0     003f8d8d  _EMPTY_ISR           
0     003f8c21  _EMUINT_ISR          
0     003f9250  _EnableInterrupts    
1     00007400  _EvaRegs             
1     00007500  _EvbRegs             
0     003f8a02  _FFT                 
1     00000a80  _FlashRegs           
1     000070e0  _GpioDataRegs        
1     000070c0  _GpioMuxRegs         
0     003f8c2b  _ILLEGAL_ISR         
0     003f8c0d  _INT13_ISR           
0     003f8c12  _INT14_ISR           
0     003f9323  _InitGpio            
0     003f8f93  _InitPeripheralClocks
0     003f9231  _InitPieCtrl         
0     003f927e  _InitPieVectTable    
0     003f8f70  _InitPll             
0     003f8f56  _InitSysCtrl         
0     003f8f5e  _KickDog             
1     00000154  _Li_Z                
1     0000015c  _Lii_Z               
0     003f8d65  _MRINTA_ISR          
0     003f8d6a  _MXINTA_ISR          
0     003f804a  _Matching            
0     003f828e  _MatchingDigital     
1     00000181  _Matching_Word       
0     003f800f  _Matching_init       
1     00007800  _McbspaRegs          
0     003f8c26  _NMI_ISR             
0     003f8c6c  _PDPINTA_ISR         
0     003f8c71  _PDPINTB_ISR         
0     003f8d92  _PIE_RESERVED        
0     003f831b  _PMF                 
1     00000ce0  _PieCtrlRegs         
1     00000d00  _PieVectTable        
1     00000000  _PieVectTableInit    
0     003f8c1c  _RTOSINT_ISR         
1     00000188  _S                   
0     003f8d6f  _SCIRXINTA_ISR       
0     003f8d79  _SCIRXINTB_ISR       
0     003f8d74  _SCITXINTA_ISR       
0     003f8d7e  _SCITXINTB_ISR       
0     003f8d5b  _SPIRXINTA_ISR       
0     003f8d60  _SPITXINTA_ISR       
1     00007050  _SciaRegs            
1     00007750  _ScibRegs            
0     003f8683  _Set_Source          
1     00007040  _SpiaRegs            
1     00007010  _SysCtrlRegs         
0     003f8cda  _T1CINT_ISR          
0     003f8ce4  _T1OFINT_ISR         
0     003f8cd5  _T1PINT_ISR          
0     003f8cdf  _T1UFINT_ISR         
0     003f8cf7  _T2CINT_ISR          
0     003f8d01  _T2OFINT_ISR         
0     003f8ce9  _T2PINT_ISR          
0     003f8cfc  _T2UFINT_ISR         
0     003f8d29  _T3CINT_ISR          
0     003f8d33  _T3OFINT_ISR         
0     003f8d24  _T3PINT_ISR          
0     003f8d2e  _T3UFINT_ISR         
0     003f8d3d  _T4CINT_ISR          
0     003f8d47  _T4OFINT_ISR         
0     003f8d38  _T4PINT_ISR          
0     003f8d42  _T4UFINT_ISR         
0     003f8cbc  _TINT0_ISR           
0     003f8c5d  _USER10_ISR          
0     003f8c62  _USER11_ISR          
0     003f8c67  _USER12_ISR          
0     003f8c30  _USER1_ISR           
0     003f8c35  _USER2_ISR           
0     003f8c3a  _USER3_ISR           
0     003f8c3f  _USER4_ISR           
0     003f8c44  _USER5_ISR           
0     003f8c49  _USER6_ISR           
0     003f8c4e  _USER7_ISR           
0     003f8c53  _USER8_ISR           
0     003f8c58  _USER9_ISR           
0     003f8cc1  _WAKEINT_ISR         
0     003f8c76  _XINT1_ISR           
0     003f8c7b  _XINT2_ISR           
1     00007070  _XIntruptRegs        
1     00000b20  _XintfRegs           
1     00000800  __STACK_END          
abs   00000400  __STACK_SIZE         
1     00000172  ___TI_cleanup_ptr    
1     00000174  ___TI_dtors_ptr      
abs   ffffffff  ___binit__           
abs   ffffffff  ___c_args__          
0     003f9377  ___cinit__           
0     003f9377  ___etext__           
abs   ffffffff  ___pinit__           
0     003f8002  ___text__            
0     003f92f1  __args_main          
1     00000176  __lock               
0     003f9369  __nop                
0     003f9365  __register_lock      
0     003f9361  __register_unlock    
1     00000400  __stack              
1     00000178  __unlock             
0     003f930a  _abort               
0     003f8d9c  _atan                
0     003f9183  _c_int00             
0     003f8e3d  _cos                 
0     003f8002  _delay_20ns          
1     0000017b  _errno               
0     003f930c  _exit                
0     003f86df  _init_ADC            
0     003f86bd  _init_eva            
0     003f91c7  _ldexp               
0     003f8869  _main                
0     003f8d97  _rsvd_ISR            
0     003f8ece  _sin                 
0     003f9132  _sqrt                
abs   ffffffff  binit                
0     003f9377  cinit                
0     003f9377  etext                
abs   ffffffff  pinit                


GLOBAL SYMBOLS: SORTED BY Symbol Address 

page  address   name                 
----  -------   ----                 
0     003f8002  .text                
0     003f8002  ___text__            
0     003f8002  _delay_20ns          
0     003f800f  _Matching_init       
0     003f804a  _Matching            
0     003f8085  _Deltamini           
0     003f828e  _MatchingDigital     
0     003f831b  _PMF                 
0     003f8683  _Set_Source          
0     003f86bd  _init_eva            
0     003f86df  _init_ADC            
0     003f873d  _Cul_Z               
0     003f8869  _main                
0     003f8956  _C_add               
0     003f897d  _C_sub               
0     003f89a4  _C_mul               
0     003f89e1  _C_mod               
0     003f8a02  _FFT                 
0     003f8c0d  _INT13_ISR           
0     003f8c12  _INT14_ISR           
0     003f8c17  _DATALOG_ISR         
0     003f8c1c  _RTOSINT_ISR         
0     003f8c21  _EMUINT_ISR          
0     003f8c26  _NMI_ISR             
0     003f8c2b  _ILLEGAL_ISR         
0     003f8c30  _USER1_ISR           
0     003f8c35  _USER2_ISR           
0     003f8c3a  _USER3_ISR           
0     003f8c3f  _USER4_ISR           
0     003f8c44  _USER5_ISR           
0     003f8c49  _USER6_ISR           
0     003f8c4e  _USER7_ISR           
0     003f8c53  _USER8_ISR           
0     003f8c58  _USER9_ISR           
0     003f8c5d  _USER10_ISR          
0     003f8c62  _USER11_ISR          
0     003f8c67  _USER12_ISR          
0     003f8c6c  _PDPINTA_ISR         
0     003f8c71  _PDPINTB_ISR         
0     003f8c76  _XINT1_ISR           
0     003f8c7b  _XINT2_ISR           
0     003f8c80  _ADCINT_ISR          
0     003f8cbc  _TINT0_ISR           
0     003f8cc1  _WAKEINT_ISR         
0     003f8cc6  _CMP1INT_ISR         
0     003f8ccb  _CMP2INT_ISR         
0     003f8cd0  _CMP3INT_ISR         
0     003f8cd5  _T1PINT_ISR          
0     003f8cda  _T1CINT_ISR          
0     003f8cdf  _T1UFINT_ISR         
0     003f8ce4  _T1OFINT_ISR         
0     003f8ce9  _T2PINT_ISR          
0     003f8cf7  _T2CINT_ISR          
0     003f8cfc  _T2UFINT_ISR         
0     003f8d01  _T2OFINT_ISR         
0     003f8d06  _CAPINT1_ISR         
0     003f8d0b  _CAPINT2_ISR         
0     003f8d10  _CAPINT3_ISR         
0     003f8d15  _CMP4INT_ISR         
0     003f8d1a  _CMP5INT_ISR         
0     003f8d1f  _CMP6INT_ISR         
0     003f8d24  _T3PINT_ISR          
0     003f8d29  _T3CINT_ISR          
0     003f8d2e  _T3UFINT_ISR         
0     003f8d33  _T3OFINT_ISR         
0     003f8d38  _T4PINT_ISR          
0     003f8d3d  _T4CINT_ISR          
0     003f8d42  _T4UFINT_ISR         
0     003f8d47  _T4OFINT_ISR         
0     003f8d4c  _CAPINT4_ISR         
0     003f8d51  _CAPINT5_ISR         
0     003f8d56  _CAPINT6_ISR         
0     003f8d5b  _SPIRXINTA_ISR       
0     003f8d60  _SPITXINTA_ISR       
0     003f8d65  _MRINTA_ISR          
0     003f8d6a  _MXINTA_ISR          
0     003f8d6f  _SCIRXINTA_ISR       
0     003f8d74  _SCITXINTA_ISR       
0     003f8d79  _SCIRXINTB_ISR       
0     003f8d7e  _SCITXINTB_ISR       
0     003f8d83  _ECAN0INTA_ISR       
0     003f8d88  _ECAN1INTA_ISR       
0     003f8d8d  _EMPTY_ISR           
0     003f8d92  _PIE_RESERVED        
0     003f8d97  _rsvd_ISR            
0     003f8d9c  _atan                
0     003f8e3d  _cos                 
0     003f8ece  _sin                 
0     003f8f56  _InitSysCtrl         
0     003f8f5e  _KickDog             
0     003f8f68  _DisableDog          
0     003f8f70  _InitPll             
0     003f8f93  _InitPeripheralClocks
0     003f8fac  _CsmUnlock           
0     003f8fdd  FS$$DIV              
0     003f9060  FS$$SUB              
0     003f9065  FS$$ADD              
0     003f90d8  FS$$MPY              
0     003f9132  _sqrt                
0     003f9183  _c_int00             
0     003f91c7  _ldexp               
0     003f9208  FS$$TOL              
0     003f9231  _InitPieCtrl         
0     003f9250  _EnableInterrupts    
0     003f9259  FS$$TOI              
0     003f927e  _InitPieVectTable    
0     003f92a0  FS$$TOU              
0     003f92bd  I$$TOFS              
0     003f92d7  L$$TOFS              
0     003f92f1  __args_main          
0     003f930a  C$$EXIT              
0     003f930a  _abort               
0     003f930c  _exit                
0     003f9323  _InitGpio            
0     003f933a  FS$$CMP              
0     003f9351  U$$TOFS              
0     003f9361  __register_unlock    
0     003f9365  __register_lock      
0     003f9369  __nop                
0     003f9372  FS$$NEG              
0     003f9377  ___cinit__           
0     003f9377  ___etext__           
0     003f9377  cinit                
0     003f9377  etext                
0     003f93bb  _DSP28x_usDelay      
1     00000000  _PieVectTableInit    
1     00000134  _Cd_Z                
1     00000154  _Li_Z                
1     0000015c  _Lii_Z               
1     00000172  ___TI_cleanup_ptr    
1     00000174  ___TI_dtors_ptr      
1     00000176  __lock               
1     00000178  __unlock             
1     0000017b  _errno               
1     00000180  _ADC_flag            
1     00000181  _Matching_Word       
1     00000184  _CapValue            
1     00000188  _S                   
1     0000019a  _Data_int0           
1     000001c0  _Data_int1           
1     00000200  _Data                
1     00000280  _CpuTimer1           
1     00000288  _CpuTimer2           
1     00000290  _CpuTimer0           
1     00000400  __stack              
1     00000800  __STACK_END          
1     00000880  _DevEmuRegs          
1     00000a80  _FlashRegs           
1     00000ae0  _CsmRegs             
1     00000b20  _XintfRegs           
1     00000c00  _CpuTimer0Regs       
1     00000c08  _CpuTimer1Regs       
1     00000c10  _CpuTimer2Regs       
1     00000ce0  _PieCtrlRegs         
1     00000d00  _PieVectTable        
1     00006000  _ECanaRegs           
1     00006040  _ECanaLAMRegs        
1     00006080  _ECanaMOTSRegs       
1     000060c0  _ECanaMOTORegs       
1     00006100  _ECanaMboxes         
1     00007010  _SysCtrlRegs         
1     00007040  _SpiaRegs            
1     00007050  _SciaRegs            
1     00007070  _XIntruptRegs        
1     000070c0  _GpioMuxRegs         
1     000070e0  _GpioDataRegs        
1     00007100  _AdcRegs             
1     00007400  _EvaRegs             
1     00007500  _EvbRegs             
1     00007750  _ScibRegs            
1     00007800  _McbspaRegs          
1     003f7ff8  _CsmPwl              
abs   00000400  __STACK_SIZE         
abs   ffffffff  ___binit__           
abs   ffffffff  ___c_args__          
abs   ffffffff  ___pinit__           
abs   ffffffff  binit                
abs   ffffffff  pinit                

[178 symbols]
