******************************************************************************
             TMS320C2000 Linker PC v6.4.2                      
******************************************************************************
>> Linked Thu Jul 15 09:02:33 2021

OUTPUT FILE NAME:   <Derating_Power.out>
ENTRY POINT SYMBOL: "_c_int00"  address: 003f8ba1


MEMORY CONFIGURATION

         name            origin    length      used     unused   attr    fill
----------------------  --------  ---------  --------  --------  ----  --------
PAGE 0:
  RAMM0                 00000000   00000400  0000007e  00000382  RWIX
  BEGIN                 003f8000   00000002  00000002  00000000  RWIX
  PRAMH0                003f8002   00000ffe  00000e19  000001e5  RWIX
  RESET                 003fffc0   00000002  00000000  00000002  RWIX

PAGE 1:
  RAMM1                 00000400   00000400  00000400  00000000  RWIX
  DEV_EMU               00000880   00000180  000000d0  000000b0  RWIX
  FLASH_REGS            00000a80   00000060  00000008  00000058  RWIX
  CSM                   00000ae0   00000010  00000010  00000000  RWIX
  XINTF                 00000b20   00000020  00000020  00000000  RWIX
  CPU_TIMER0            00000c00   00000008  00000008  00000000  RWIX
  CPU_TIMER1            00000c08   00000008  00000008  00000000  RWIX
  CPU_TIMER2            00000c10   00000008  00000008  00000000  RWIX
  PIE_CTRL              00000ce0   00000020  0000001a  00000006  RWIX
  PIE_VECT              00000d00   00000100  00000100  00000000  RWIX
  ECANA                 00006000   00000040  00000034  0000000c  RWIX
  ECANA_LAM             00006040   00000040  00000040  00000000  RWIX
  ECANA_MOTS            00006080   00000040  00000040  00000000  RWIX
  ECANA_MOTO            000060c0   00000040  00000040  00000000  RWIX
  ECANA_MBOX            00006100   00000100  00000100  00000000  RWIX
  SYSTEM                00007010   00000020  00000020  00000000  RWIX
  SPIA                  00007040   00000010  00000010  00000000  RWIX
  SCIA                  00007050   00000010  00000010  00000000  RWIX
  XINTRUPT              00007070   00000010  00000010  00000000  RWIX
  GPIOMUX               000070c0   00000020  00000020  00000000  RWIX
  GPIODAT               000070e0   00000020  00000020  00000000  RWIX
  ADC                   00007100   00000020  0000001a  00000006  RWIX
  EVA                   00007400   00000040  00000032  0000000e  RWIX
  EVB                   00007500   00000040  00000032  0000000e  RWIX
  SCIB                  00007750   00000010  00000010  00000000  RWIX
  MCBSPA                00007800   00000040  00000025  0000001b  RWIX
  CSM_PWL               003f7ff8   00000008  00000008  00000000  RWIX
  DRAMH0                003f9000   00001000  000001bb  00000e45  RWIX


SECTION ALLOCATION MAP

 output                                  attributes/
section   page    origin      length       input sections
--------  ----  ----------  ----------   ----------------
csm_rsvd   0    00000000    00000076     
                  00000000    00000076     DSP281x_CSMPasswords.obj (csm_rsvd)

csmpasswds 
*          0    00000076    00000008     
                  00000076    00000008     DSP281x_CSMPasswords.obj (csmpasswds)

codestart 
*          0    003f8000    00000002     
                  003f8000    00000002     DSP281x_CodeStartBranch.obj (codestart)

.text      0    003f8002    00000d9a     
                  003f8002    000004c4     Matching.obj (.text)
                  003f84c6    00000391     DSP281x_DefaultIsr.obj (.text:retain)
                  003f8857    0000011c     main.obj (.text)
                  003f8973    00000088     DSP281x_SysCtrl.obj (.text)
                  003f89fb    00000083     rts2800_ml.lib : fs_div.obj (.text)
                  003f8a7e    00000078                    : fs_add.obj (.text)
                  003f8af6    0000005a                    : fs_mpy.obj (.text)
                  003f8b50    00000051                    : sqrt.obj (.text)
                  003f8ba1    00000044                    : boot.obj (.text)
                  003f8be5    00000041                    : ldexp.obj (.text)
                  003f8c26    0000002a     Communication.obj (.text)
                  003f8c50    00000029     rts2800_ml.lib : fs_tol.obj (.text)
                  003f8c79    00000028     DSP281x_PieCtrl.obj (.text)
                  003f8ca1    00000025     rts2800_ml.lib : fs_toi.obj (.text)
                  003f8cc6    00000022     DSP281x_PieVect.obj (.text)
                  003f8ce8    0000001d     rts2800_ml.lib : fs_tou.obj (.text)
                  003f8d05    0000001a                    : i_tofs.obj (.text)
                  003f8d1f    00000019                    : args_main.obj (.text)
                  003f8d38    00000019                    : exit.obj (.text)
                  003f8d51    00000017                    : fs_cmp.obj (.text)
                  003f8d68    00000013     DSP281x_Gpio.obj (.text)
                  003f8d7b    00000010     rts2800_ml.lib : u_tofs.obj (.text)
                  003f8d8b    00000009                    : _lock.obj (.text)
                  003f8d94    00000008     DSP281x_CodeStartBranch.obj (.text)

.cinit     0    003f8d9c    0000007b     
                  003f8d9c    00000030     Communication.obj (.cinit)
                  003f8dcc    00000029     main.obj (.cinit)
                  003f8df5    0000000a     rts2800_ml.lib : exit.obj (.cinit)
                  003f8dff    00000008     DSP281x_DefaultIsr.obj (.cinit)
                  003f8e07    00000005     rts2800_ml.lib : _lock.obj (.cinit:__lock)
                  003f8e0c    00000005                    : _lock.obj (.cinit:__unlock)
                  003f8e11    00000004                    : errno.obj (.cinit)
                  003f8e15    00000002     --HOLE-- [fill = 0]

ramfuncs   0    003f8e17    00000004     
                  003f8e17    00000004     DSP281x_usDelay.obj (ramfuncs)

.stack     1    00000400    00000400     UNINITIALIZED
                  00000400    00000400     --HOLE--

DevEmuRegsFile 
*          1    00000880    000000d0     UNINITIALIZED
                  00000880    000000d0     DSP281x_GlobalVariableDefs.obj (DevEmuRegsFile)

FlashRegsFile 
*          1    00000a80    00000008     UNINITIALIZED
                  00000a80    00000008     DSP281x_GlobalVariableDefs.obj (FlashRegsFile)

CsmRegsFile 
*          1    00000ae0    00000010     UNINITIALIZED
                  00000ae0    00000010     DSP281x_GlobalVariableDefs.obj (CsmRegsFile)

XintfRegsFile 
*          1    00000b20    00000020     UNINITIALIZED
                  00000b20    00000020     DSP281x_GlobalVariableDefs.obj (XintfRegsFile)

CpuTimer0RegsFile 
*          1    00000c00    00000008     UNINITIALIZED
                  00000c00    00000008     DSP281x_GlobalVariableDefs.obj (CpuTimer0RegsFile)

CpuTimer1RegsFile 
*          1    00000c08    00000008     UNINITIALIZED
                  00000c08    00000008     DSP281x_GlobalVariableDefs.obj (CpuTimer1RegsFile)

CpuTimer2RegsFile 
*          1    00000c10    00000008     UNINITIALIZED
                  00000c10    00000008     DSP281x_GlobalVariableDefs.obj (CpuTimer2RegsFile)

PieCtrlRegsFile 
*          1    00000ce0    0000001a     UNINITIALIZED
                  00000ce0    0000001a     DSP281x_GlobalVariableDefs.obj (PieCtrlRegsFile)

PieVectTableFile 
*          1    00000d00    00000100     UNINITIALIZED
                  00000d00    00000100     DSP281x_GlobalVariableDefs.obj (PieVectTableFile)

ECanaRegsFile 
*          1    00006000    00000034     UNINITIALIZED
                  00006000    00000034     DSP281x_GlobalVariableDefs.obj (ECanaRegsFile)

ECanaLAMRegsFile 
*          1    00006040    00000040     UNINITIALIZED
                  00006040    00000040     DSP281x_GlobalVariableDefs.obj (ECanaLAMRegsFile)

ECanaMOTSRegsFile 
*          1    00006080    00000040     UNINITIALIZED
                  00006080    00000040     DSP281x_GlobalVariableDefs.obj (ECanaMOTSRegsFile)

ECanaMOTORegsFile 
*          1    000060c0    00000040     UNINITIALIZED
                  000060c0    00000040     DSP281x_GlobalVariableDefs.obj (ECanaMOTORegsFile)

ECanaMboxesFile 
*          1    00006100    00000100     UNINITIALIZED
                  00006100    00000100     DSP281x_GlobalVariableDefs.obj (ECanaMboxesFile)

SysCtrlRegsFile 
*          1    00007010    00000020     UNINITIALIZED
                  00007010    00000020     DSP281x_GlobalVariableDefs.obj (SysCtrlRegsFile)

SpiaRegsFile 
*          1    00007040    00000010     UNINITIALIZED
                  00007040    00000010     DSP281x_GlobalVariableDefs.obj (SpiaRegsFile)

SciaRegsFile 
*          1    00007050    00000010     UNINITIALIZED
                  00007050    00000010     DSP281x_GlobalVariableDefs.obj (SciaRegsFile)

XIntruptRegsFile 
*          1    00007070    00000010     UNINITIALIZED
                  00007070    00000010     DSP281x_GlobalVariableDefs.obj (XIntruptRegsFile)

GpioMuxRegsFile 
*          1    000070c0    00000020     UNINITIALIZED
                  000070c0    00000020     DSP281x_GlobalVariableDefs.obj (GpioMuxRegsFile)

GpioDataRegsFile 
*          1    000070e0    00000020     UNINITIALIZED
                  000070e0    00000020     DSP281x_GlobalVariableDefs.obj (GpioDataRegsFile)

AdcRegsFile 
*          1    00007100    0000001a     UNINITIALIZED
                  00007100    0000001a     DSP281x_GlobalVariableDefs.obj (AdcRegsFile)

EvaRegsFile 
*          1    00007400    00000032     UNINITIALIZED
                  00007400    00000032     DSP281x_GlobalVariableDefs.obj (EvaRegsFile)

EvbRegsFile 
*          1    00007500    00000032     UNINITIALIZED
                  00007500    00000032     DSP281x_GlobalVariableDefs.obj (EvbRegsFile)

ScibRegsFile 
*          1    00007750    00000010     UNINITIALIZED
                  00007750    00000010     DSP281x_GlobalVariableDefs.obj (ScibRegsFile)

McbspaRegsFile 
*          1    00007800    00000025     UNINITIALIZED
                  00007800    00000025     DSP281x_GlobalVariableDefs.obj (McbspaRegsFile)

CsmPwlFile 
*          1    003f7ff8    00000008     UNINITIALIZED
                  003f7ff8    00000008     DSP281x_GlobalVariableDefs.obj (CsmPwlFile)

.pinit     0    003f8002    00000000     UNINITIALIZED

.reset     0    003fffc0    00000002     DSECT
                  003fffc0    00000002     rts2800_ml.lib : boot.obj (.reset)

.econst    1    003f9000    00000150     
                  003f9000    00000100     DSP281x_PieVect.obj (.econst)
                  003f9100    00000020     Matching.obj (.econst)
                  003f9120    00000010     Matching.obj (.econst:_Cd_Z)
                  003f9130    00000010     Matching.obj (.econst:_Li_Z)
                  003f9140    00000010     Matching.obj (.econst:_Lii_Z)

.ebss      1    003f9150    0000006b     UNINITIALIZED
                  003f9150    0000002a     Communication.obj (.ebss)
                  003f917a    00000004     rts2800_ml.lib : exit.obj (.ebss)
                  003f917e    00000002     DSP281x_DefaultIsr.obj (.ebss)
                  003f9180    0000001e     main.obj (.ebss)
                  003f919e    00000018     DSP281x_CpuTimers.obj (.ebss)
                  003f91b6    00000002     rts2800_ml.lib : _lock.obj (.ebss:__lock)
                  003f91b8    00000002                    : _lock.obj (.ebss:__unlock)
                  003f91ba    00000001                    : errno.obj (.ebss)


GLOBAL DATA SYMBOLS: SORTED BY DATA PAGE

address     data page           name
--------    ----------------    ----
00000400      10 (00000400)     __stack

00000880      22 (00000880)     _DevEmuRegs

00000a80      2a (00000a80)     _FlashRegs

00000ae0      2b (00000ac0)     _CsmRegs

00000b20      2c (00000b00)     _XintfRegs

00000c00      30 (00000c00)     _CpuTimer0Regs
00000c08      30 (00000c00)     _CpuTimer1Regs
00000c10      30 (00000c00)     _CpuTimer2Regs

00000ce0      33 (00000cc0)     _PieCtrlRegs

00000d00      34 (00000d00)     _PieVectTable

00006000     180 (00006000)     _ECanaRegs

00006040     181 (00006040)     _ECanaLAMRegs

00006080     182 (00006080)     _ECanaMOTSRegs

000060c0     183 (000060c0)     _ECanaMOTORegs

00006100     184 (00006100)     _ECanaMboxes

00007010     1c0 (00007000)     _SysCtrlRegs

00007040     1c1 (00007040)     _SpiaRegs
00007050     1c1 (00007040)     _SciaRegs
00007070     1c1 (00007040)     _XIntruptRegs

000070c0     1c3 (000070c0)     _GpioMuxRegs
000070e0     1c3 (000070c0)     _GpioDataRegs

00007100     1c4 (00007100)     _AdcRegs

00007400     1d0 (00007400)     _EvaRegs

00007500     1d4 (00007500)     _EvbRegs

00007750     1dd (00007740)     _ScibRegs

00007800     1e0 (00007800)     _McbspaRegs

003f7ff8    fdff (003f7fc0)     _CsmPwl

003f9000    fe40 (003f9000)     _PieVectTableInit

003f9120    fe44 (003f9100)     _Cd_Z
003f9130    fe44 (003f9100)     _Li_Z

003f9140    fe45 (003f9140)     _Lii_Z
003f9150    fe45 (003f9140)     _CMNCT_txbuff
003f9165    fe45 (003f9140)     _CMNCT_rxbuff
003f917a    fe45 (003f9140)     ___TI_cleanup_ptr
003f917c    fe45 (003f9140)     ___TI_dtors_ptr

003f9180    fe46 (003f9180)     _Matching_Word
003f9184    fe46 (003f9180)     _V_sample
003f9188    fe46 (003f9180)     _I_sample
003f918c    fe46 (003f9180)     _S
003f919e    fe46 (003f9180)     _CpuTimer1
003f91a6    fe46 (003f9180)     _CpuTimer2
003f91ae    fe46 (003f9180)     _CpuTimer0
003f91b6    fe46 (003f9180)     __lock
003f91b8    fe46 (003f9180)     __unlock
003f91ba    fe46 (003f9180)     _errno


GLOBAL SYMBOLS: SORTED ALPHABETICALLY BY Name 

page  address   name                 
----  -------   ----                 
0     003f8002  .text                
0     003f8d38  C$$EXIT              
0     003f8a83  FS$$ADD              
0     003f8d51  FS$$CMP              
0     003f89fb  FS$$DIV              
0     003f8af6  FS$$MPY              
0     003f8a7e  FS$$SUB              
0     003f8ca1  FS$$TOI              
0     003f8c50  FS$$TOL              
0     003f8ce8  FS$$TOU              
0     003f8d05  I$$TOFS              
0     003f8d7b  U$$TOFS              
0     003f8539  _ADCINT_ISR          
1     00007100  _AdcRegs             
0     003f8681  _CAPINT1_ISR         
0     003f8686  _CAPINT2_ISR         
0     003f868b  _CAPINT3_ISR         
0     003f86c7  _CAPINT4_ISR         
0     003f86cc  _CAPINT5_ISR         
0     003f86d1  _CAPINT6_ISR         
1     003f9165  _CMNCT_rxbuff        
1     003f9150  _CMNCT_txbuff        
0     003f8630  _CMP1INT_ISR         
0     003f8635  _CMP2INT_ISR         
0     003f863a  _CMP3INT_ISR         
0     003f8690  _CMP4INT_ISR         
0     003f8695  _CMP5INT_ISR         
0     003f869a  _CMP6INT_ISR         
0     003f8c26  _Calc_LRC            
1     003f9120  _Cd_Z                
0     003f8c38  _Communication_CMD   
1     003f91ae  _CpuTimer0           
1     00000c00  _CpuTimer0Regs       
1     003f919e  _CpuTimer1           
1     00000c08  _CpuTimer1Regs       
1     003f91a6  _CpuTimer2           
1     00000c10  _CpuTimer2Regs       
1     003f7ff8  _CsmPwl              
1     00000ae0  _CsmRegs             
0     003f89ca  _CsmUnlock           
0     003f84d0  _DATALOG_ISR         
0     003f8e17  _DSP28x_usDelay      
1     00000880  _DevEmuRegs          
0     003f8985  _DisableDog          
0     003f883e  _ECAN0INTA_ISR       
0     003f8843  _ECAN1INTA_ISR       
1     00006040  _ECanaLAMRegs        
1     000060c0  _ECanaMOTORegs       
1     00006080  _ECanaMOTSRegs       
1     00006100  _ECanaMboxes         
1     00006000  _ECanaRegs           
0     003f8848  _EMPTY_ISR           
0     003f84da  _EMUINT_ISR          
0     003f8c98  _EnableInterrupts    
1     00007400  _EvaRegs             
1     00007500  _EvbRegs             
1     00000a80  _FlashRegs           
1     000070e0  _GpioDataRegs        
1     000070c0  _GpioMuxRegs         
0     003f84e4  _ILLEGAL_ISR         
0     003f84c6  _INT13_ISR           
0     003f84cb  _INT14_ISR           
1     003f9188  _I_sample            
0     003f8d68  _InitGpio            
0     003f89b0  _InitPeripheralClocks
0     003f8c79  _InitPieCtrl         
0     003f8cc6  _InitPieVectTable    
0     003f898d  _InitPll             
0     003f8973  _InitSysCtrl         
0     003f897b  _KickDog             
1     003f9130  _Li_Z                
1     003f9140  _Lii_Z               
0     003f86e0  _MRINTA_ISR          
0     003f86e5  _MXINTA_ISR          
0     003f804a  _Matching            
0     003f8081  _MatchingDigital     
1     003f9180  _Matching_Word       
0     003f800f  _Matching_init       
1     00007800  _McbspaRegs          
0     003f84df  _NMI_ISR             
0     003f8525  _PDPINTA_ISR         
0     003f852a  _PDPINTB_ISR         
0     003f884d  _PIE_RESERVED        
0     003f81ad  _PMF                 
1     00000ce0  _PieCtrlRegs         
1     00000d00  _PieVectTable        
1     003f9000  _PieVectTableInit    
0     003f84d5  _RTOSINT_ISR         
1     003f918c  _S                   
0     003f86ea  _SCIRXINTA_ISR       
0     003f8834  _SCIRXINTB_ISR       
0     003f87c0  _SCITXINTA_ISR       
0     003f8839  _SCITXINTB_ISR       
0     003f86d6  _SPIRXINTA_ISR       
0     003f86db  _SPITXINTA_ISR       
1     00007050  _SciaRegs            
1     00007750  _ScibRegs            
0     003f8857  _Set_Source          
1     00007040  _SpiaRegs            
1     00007010  _SysCtrlRegs         
0     003f8644  _T1CINT_ISR          
0     003f8668  _T1OFINT_ISR         
0     003f863f  _T1PINT_ISR          
0     003f8656  _T1UFINT_ISR         
0     003f8672  _T2CINT_ISR          
0     003f867c  _T2OFINT_ISR         
0     003f866d  _T2PINT_ISR          
0     003f8677  _T2UFINT_ISR         
0     003f86a4  _T3CINT_ISR          
0     003f86ae  _T3OFINT_ISR         
0     003f869f  _T3PINT_ISR          
0     003f86a9  _T3UFINT_ISR         
0     003f86b8  _T4CINT_ISR          
0     003f86c2  _T4OFINT_ISR         
0     003f86b3  _T4PINT_ISR          
0     003f86bd  _T4UFINT_ISR         
0     003f8626  _TINT0_ISR           
0     003f8516  _USER10_ISR          
0     003f851b  _USER11_ISR          
0     003f8520  _USER12_ISR          
0     003f84e9  _USER1_ISR           
0     003f84ee  _USER2_ISR           
0     003f84f3  _USER3_ISR           
0     003f84f8  _USER4_ISR           
0     003f84fd  _USER5_ISR           
0     003f8502  _USER6_ISR           
0     003f8507  _USER7_ISR           
0     003f850c  _USER8_ISR           
0     003f8511  _USER9_ISR           
1     003f9184  _V_sample            
0     003f862b  _WAKEINT_ISR         
0     003f852f  _XINT1_ISR           
0     003f8534  _XINT2_ISR           
1     00007070  _XIntruptRegs        
1     00000b20  _XintfRegs           
1     00000800  __STACK_END          
abs   00000400  __STACK_SIZE         
1     003f917a  ___TI_cleanup_ptr    
1     003f917c  ___TI_dtors_ptr      
abs   ffffffff  ___binit__           
abs   ffffffff  ___c_args__          
0     003f8d9c  ___cinit__           
0     003f8d9c  ___etext__           
abs   ffffffff  ___pinit__           
0     003f8002  ___text__            
0     003f8d1f  __args_main          
1     003f91b6  __lock               
0     003f8d93  __nop                
0     003f8d8f  __register_lock      
0     003f8d8b  __register_unlock    
1     00000400  __stack              
1     003f91b8  __unlock             
0     003f8d38  _abort               
0     003f8ba1  _c_int00             
0     003f8002  _delay_20ns          
1     003f91ba  _errno               
0     003f8d3a  _exit                
0     003f88ad  _init_ADC            
0     003f890d  _init_SCI            
0     003f8891  _init_eva            
0     003f8be5  _ldexp               
0     003f893d  _main                
0     003f8852  _rsvd_ISR            
0     003f8b50  _sqrt                
abs   ffffffff  binit                
0     003f8d9c  cinit                
0     003f8d9c  etext                
abs   ffffffff  pinit                


GLOBAL SYMBOLS: SORTED BY Symbol Address 

page  address   name                 
----  -------   ----                 
0     003f8002  .text                
0     003f8002  ___text__            
0     003f8002  _delay_20ns          
0     003f800f  _Matching_init       
0     003f804a  _Matching            
0     003f8081  _MatchingDigital     
0     003f81ad  _PMF                 
0     003f84c6  _INT13_ISR           
0     003f84cb  _INT14_ISR           
0     003f84d0  _DATALOG_ISR         
0     003f84d5  _RTOSINT_ISR         
0     003f84da  _EMUINT_ISR          
0     003f84df  _NMI_ISR             
0     003f84e4  _ILLEGAL_ISR         
0     003f84e9  _USER1_ISR           
0     003f84ee  _USER2_ISR           
0     003f84f3  _USER3_ISR           
0     003f84f8  _USER4_ISR           
0     003f84fd  _USER5_ISR           
0     003f8502  _USER6_ISR           
0     003f8507  _USER7_ISR           
0     003f850c  _USER8_ISR           
0     003f8511  _USER9_ISR           
0     003f8516  _USER10_ISR          
0     003f851b  _USER11_ISR          
0     003f8520  _USER12_ISR          
0     003f8525  _PDPINTA_ISR         
0     003f852a  _PDPINTB_ISR         
0     003f852f  _XINT1_ISR           
0     003f8534  _XINT2_ISR           
0     003f8539  _ADCINT_ISR          
0     003f8626  _TINT0_ISR           
0     003f862b  _WAKEINT_ISR         
0     003f8630  _CMP1INT_ISR         
0     003f8635  _CMP2INT_ISR         
0     003f863a  _CMP3INT_ISR         
0     003f863f  _T1PINT_ISR          
0     003f8644  _T1CINT_ISR          
0     003f8656  _T1UFINT_ISR         
0     003f8668  _T1OFINT_ISR         
0     003f866d  _T2PINT_ISR          
0     003f8672  _T2CINT_ISR          
0     003f8677  _T2UFINT_ISR         
0     003f867c  _T2OFINT_ISR         
0     003f8681  _CAPINT1_ISR         
0     003f8686  _CAPINT2_ISR         
0     003f868b  _CAPINT3_ISR         
0     003f8690  _CMP4INT_ISR         
0     003f8695  _CMP5INT_ISR         
0     003f869a  _CMP6INT_ISR         
0     003f869f  _T3PINT_ISR          
0     003f86a4  _T3CINT_ISR          
0     003f86a9  _T3UFINT_ISR         
0     003f86ae  _T3OFINT_ISR         
0     003f86b3  _T4PINT_ISR          
0     003f86b8  _T4CINT_ISR          
0     003f86bd  _T4UFINT_ISR         
0     003f86c2  _T4OFINT_ISR         
0     003f86c7  _CAPINT4_ISR         
0     003f86cc  _CAPINT5_ISR         
0     003f86d1  _CAPINT6_ISR         
0     003f86d6  _SPIRXINTA_ISR       
0     003f86db  _SPITXINTA_ISR       
0     003f86e0  _MRINTA_ISR          
0     003f86e5  _MXINTA_ISR          
0     003f86ea  _SCIRXINTA_ISR       
0     003f87c0  _SCITXINTA_ISR       
0     003f8834  _SCIRXINTB_ISR       
0     003f8839  _SCITXINTB_ISR       
0     003f883e  _ECAN0INTA_ISR       
0     003f8843  _ECAN1INTA_ISR       
0     003f8848  _EMPTY_ISR           
0     003f884d  _PIE_RESERVED        
0     003f8852  _rsvd_ISR            
0     003f8857  _Set_Source          
0     003f8891  _init_eva            
0     003f88ad  _init_ADC            
0     003f890d  _init_SCI            
0     003f893d  _main                
0     003f8973  _InitSysCtrl         
0     003f897b  _KickDog             
0     003f8985  _DisableDog          
0     003f898d  _InitPll             
0     003f89b0  _InitPeripheralClocks
0     003f89ca  _CsmUnlock           
0     003f89fb  FS$$DIV              
0     003f8a7e  FS$$SUB              
0     003f8a83  FS$$ADD              
0     003f8af6  FS$$MPY              
0     003f8b50  _sqrt                
0     003f8ba1  _c_int00             
0     003f8be5  _ldexp               
0     003f8c26  _Calc_LRC            
0     003f8c38  _Communication_CMD   
0     003f8c50  FS$$TOL              
0     003f8c79  _InitPieCtrl         
0     003f8c98  _EnableInterrupts    
0     003f8ca1  FS$$TOI              
0     003f8cc6  _InitPieVectTable    
0     003f8ce8  FS$$TOU              
0     003f8d05  I$$TOFS              
0     003f8d1f  __args_main          
0     003f8d38  C$$EXIT              
0     003f8d38  _abort               
0     003f8d3a  _exit                
0     003f8d51  FS$$CMP              
0     003f8d68  _InitGpio            
0     003f8d7b  U$$TOFS              
0     003f8d8b  __register_unlock    
0     003f8d8f  __register_lock      
0     003f8d93  __nop                
0     003f8d9c  ___cinit__           
0     003f8d9c  ___etext__           
0     003f8d9c  cinit                
0     003f8d9c  etext                
0     003f8e17  _DSP28x_usDelay      
1     00000400  __stack              
1     00000800  __STACK_END          
1     00000880  _DevEmuRegs          
1     00000a80  _FlashRegs           
1     00000ae0  _CsmRegs             
1     00000b20  _XintfRegs           
1     00000c00  _CpuTimer0Regs       
1     00000c08  _CpuTimer1Regs       
1     00000c10  _CpuTimer2Regs       
1     00000ce0  _PieCtrlRegs         
1     00000d00  _PieVectTable        
1     00006000  _ECanaRegs           
1     00006040  _ECanaLAMRegs        
1     00006080  _ECanaMOTSRegs       
1     000060c0  _ECanaMOTORegs       
1     00006100  _ECanaMboxes         
1     00007010  _SysCtrlRegs         
1     00007040  _SpiaRegs            
1     00007050  _SciaRegs            
1     00007070  _XIntruptRegs        
1     000070c0  _GpioMuxRegs         
1     000070e0  _GpioDataRegs        
1     00007100  _AdcRegs             
1     00007400  _EvaRegs             
1     00007500  _EvbRegs             
1     00007750  _ScibRegs            
1     00007800  _McbspaRegs          
1     003f7ff8  _CsmPwl              
1     003f9000  _PieVectTableInit    
1     003f9120  _Cd_Z                
1     003f9130  _Li_Z                
1     003f9140  _Lii_Z               
1     003f9150  _CMNCT_txbuff        
1     003f9165  _CMNCT_rxbuff        
1     003f917a  ___TI_cleanup_ptr    
1     003f917c  ___TI_dtors_ptr      
1     003f9180  _Matching_Word       
1     003f9184  _V_sample            
1     003f9188  _I_sample            
1     003f918c  _S                   
1     003f919e  _CpuTimer1           
1     003f91a6  _CpuTimer2           
1     003f91ae  _CpuTimer0           
1     003f91b6  __lock               
1     003f91b8  __unlock             
1     003f91ba  _errno               
abs   00000400  __STACK_SIZE         
abs   ffffffff  ___binit__           
abs   ffffffff  ___c_args__          
abs   ffffffff  ___pinit__           
abs   ffffffff  binit                
abs   ffffffff  pinit                

[168 symbols]
